Purpose - How to install and configure the Apache Cassandra NoSQL database

Pre-requisites -
Fedora 32 updated
Java 8
Python 3.6+

Apache Cassandra -
    - Its a free and open-source database
    - Its a NoSQL database management system
    - Supports scalability and high availability without compromising performance
    - Suitable to manage massive amount of mission critical data
    - Replication across multiple data centers is supported. Supports both synchronous and asynchronous replication
    - Read and write throughput increase linearly as the number of nodes increase

Apache Cassandra can be installed using two methods -
    - Using the tar package available from the Apache Cassandra Download page
    - Using the prebuilt RPM packages available in the Linux repositories

Here in this article we will install Apache Cassandra from the prebuilt RPM package available in the Linux repositories. RPM base installation method will required root previliages.


Procedure -

Step1: Verify the java version installed

Apache Cassandra requires Java 8 version installed on the system. Java 11 version support is added for Cassandra 4.0 on experimental basis. Running Cassandra 4.0 on Java 11 for production system is not recommended.

[admin@fed32 ~]$ java -version
openjdk version "1.8.0_252"
OpenJDK Runtime Environment (build 1.8.0_252-b09)
OpenJDK 64-Bit Server VM (build 25.252-b09, mixed mode)

Step2: Verify the Python version installed

cqlsh usage in dependent on latest version of python 2.7 or python 3.6+ . Currently Fedora 32 is shipping Python 3.8 the latest and stable version.

[admin@fed32 ~]$ python -V
Python 3.8.3

Step3: Add Apache Cassandra repository to Fedora yum repo list

Here we are going to install Apache Cassandra using RPM based method. For this we need to add the Apache Cassandra repository as shown below with root user. Once this is updated, we can install Cassandra from the repository using Fedora linux dnf tool.

We are going to install the stable version of Apache Cassandra which is 3.11

[root@fed32 yum.repos.d]# pwd
/etc/yum.repos.d
[root@fed32 yum.repos.d]# cat cassandra.repo 
[cassandra]
name=Apache Cassandra
baseurl=https://downloads.apache.org/cassandra/redhat/311x/
gpgcheck=1
repo_gpgcheck=1
gpgkey=https://downloads.apache.org/cassandra/KEYS

Step4: Update package index from sources

[admin@fed32 ~]$ sudo dnf update

Step5: Install Apache Cassandra from repository

[admin@fed32 ~]$ sudo dnf install cassandra
...
Installed:
  cassandra-3.11.6-1.noarch                                                                                                                                              

Complete!


[admin@fed32 ~]$ cat /etc/passwd | grep -i "cassandra"
cassandra:x:978:977::/var/lib/cassandra:/bin/bash

Step6: Start the Apache Cassandra service

[admin@fed32 ~]$ sudo service cassandra start
Starting cassandra (via systemctl):                        [  OK  ]


Step6: Validate the Apache Cassandra service

[admin@fed32 cassandra]$ nodetool status
Datacenter: datacenter1
=======================
Status=Up/Down
|/ State=Normal/Leaving/Joining/Moving
--  Address    Load       Tokens       Owns (effective)  Host ID                               Rack
UN  127.0.0.1  344.27 KiB  256          100.0%            3e80a2b6-14da-4841-b819-e94ef6e10f1d  rack1




There is a bug in the Apache Cassandra when we try to stop/start the service it fails with the below error.

Issue - https://issues.apache.org/jira/browse/CASSANDRA-15830?src=confmacro

Exception (java.lang.IllegalArgumentException) encountered during startup: Invalid version value: 4.0~alpha4
java.lang.IllegalArgumentException: Invalid version value: 4.0~alpha4
        at org.apache.cassandra.utils.CassandraVersion.<init>(CassandraVersion.java:64)
        at org.apache.cassandra.io.sstable.SSTableHeaderFix.fixNonFrozenUDTIfUpgradeFrom30(SSTableHeaderFix.java:84)
        at org.apache.cassandra.service.CassandraDaemon.setup(CassandraDaemon.java:250)
        at org.apache.cassandra.service.CassandraDaemon.activate(CassandraDaemon.java:650)
        at org.apache.cassandra.service.CassandraDaemon.main(CassandraDaemon.java:767)
ERROR [main] 2020-06-19 13:39:08,435 CassandraDaemon.java:789 - Exception encountered during startup

